  Determining projects to restore...
  All projects are up-to-date for restore.
D:\VSII\Learn_VSII\winfromapp\AppStory\AppStory\GUI\frmTaskManagement.vb(481,105): error BC30590: Event 'FormClosed' cannot be found. [D:\VSII\Learn_VSII\winfromapp\AppStory\AppStory\AppStory.vbproj]
D:\VSII\Learn_VSII\winfromapp\AppStory\AppStory\GUI\frmTeams.vb(53,96): error BC30590: Event 'FormClosed' cannot be found. [D:\VSII\Learn_VSII\winfromapp\AppStory\AppStory\AppStory.vbproj]

Build FAILED.

D:\VSII\Learn_VSII\winfromapp\AppStory\AppStory\GUI\frmTaskManagement.vb(481,105): error BC30590: Event 'FormClosed' cannot be found. [D:\VSII\Learn_VSII\winfromapp\AppStory\AppStory\AppStory.vbproj]
D:\VSII\Learn_VSII\winfromapp\AppStory\AppStory\GUI\frmTeams.vb(53,96): error BC30590: Event 'FormClosed' cannot be found. [D:\VSII\Learn_VSII\winfromapp\AppStory\AppStory\AppStory.vbproj]
    0 Warning(s)
    2 Error(s)

Time Elapsed 00:00:01.25
