  Determining projects to restore...
  All projects are up-to-date for restore.
D:\VSII\Learn_VSII\winfromapp\AppStory\AppStory\GUI\frmMyTeams.Designer.vb(86,37): error BC30002: Type 'Windows.Forms.DataGridView' is not defined. [D:\VSII\Learn_VSII\winfromapp\AppStory\AppStory\AppStory.vbproj]
D:\VSII\Learn_VSII\winfromapp\AppStory\AppStory\GUI\frmMyTeams.Designer.vb(87,34): error BC30002: Type 'Windows.Forms.Button' is not defined. [D:\VSII\Learn_VSII\winfromapp\AppStory\AppStory\AppStory.vbproj]
D:\VSII\Learn_VSII\winfromapp\AppStory\AppStory\GUI\frmMyTeams.Designer.vb(88,38): error BC30002: Type 'Windows.Forms.Label' is not defined. [D:\VSII\Learn_VSII\winfromapp\AppStory\AppStory\AppStory.vbproj]
D:\VSII\Learn_VSII\winfromapp\AppStory\AppStory\GUI\frmMyTeams.vb(47,81): error BC30590: Event 'Click' cannot be found. [D:\VSII\Learn_VSII\winfromapp\AppStory\AppStory\AppStory.vbproj]
D:\VSII\Learn_VSII\winfromapp\AppStory\AppStory\GUI\frmProjects.Designer.vb(289,38): error BC30002: Type 'Windows.Forms.DataGridView' is not defined. [D:\VSII\Learn_VSII\winfromapp\AppStory\AppStory\AppStory.vbproj]
D:\VSII\Learn_VSII\winfromapp\AppStory\AppStory\GUI\frmProjects.Designer.vb(290,36): error BC30002: Type 'Windows.Forms.GroupBox' is not defined. [D:\VSII\Learn_VSII\winfromapp\AppStory\AppStory\AppStory.vbproj]
D:\VSII\Learn_VSII\winfromapp\AppStory\AppStory\GUI\frmProjects.Designer.vb(291,35): error BC30002: Type 'Windows.Forms.Button' is not defined. [D:\VSII\Learn_VSII\winfromapp\AppStory\AppStory\AppStory.vbproj]
D:\VSII\Learn_VSII\winfromapp\AppStory\AppStory\GUI\frmProjects.Designer.vb(292,36): error BC30002: Type 'Windows.Forms.Button' is not defined. [D:\VSII\Learn_VSII\winfromapp\AppStory\AppStory\AppStory.vbproj]
D:\VSII\Learn_VSII\winfromapp\AppStory\AppStory\GUI\frmProjects.Designer.vb(293,36): error BC30002: Type 'Windows.Forms.Button' is not defined. [D:\VSII\Learn_VSII\winfromapp\AppStory\AppStory\AppStory.vbproj]
D:\VSII\Learn_VSII\winfromapp\AppStory\AppStory\GUI\frmProjects.Designer.vb(294,33): error BC30002: Type 'Windows.Forms.Button' is not defined. [D:\VSII\Learn_VSII\winfromapp\AppStory\AppStory\AppStory.vbproj]
D:\VSII\Learn_VSII\winfromapp\AppStory\AppStory\GUI\frmProjects.Designer.vb(295,33): error BC30002: Type 'Windows.Forms.Label' is not defined. [D:\VSII\Learn_VSII\winfromapp\AppStory\AppStory\AppStory.vbproj]
D:\VSII\Learn_VSII\winfromapp\AppStory\AppStory\GUI\frmProjects.Designer.vb(296,34): error BC30002: Type 'Windows.Forms.ComboBox' is not defined. [D:\VSII\Learn_VSII\winfromapp\AppStory\AppStory\AppStory.vbproj]
D:\VSII\Learn_VSII\winfromapp\AppStory\AppStory\GUI\frmProjects.Designer.vb(297,33): error BC30002: Type 'Windows.Forms.Label' is not defined. [D:\VSII\Learn_VSII\winfromapp\AppStory\AppStory\AppStory.vbproj]
D:\VSII\Learn_VSII\winfromapp\AppStory\AppStory\GUI\frmProjects.Designer.vb(298,37): error BC30002: Type 'Windows.Forms.ComboBox' is not defined. [D:\VSII\Learn_VSII\winfromapp\AppStory\AppStory\AppStory.vbproj]
D:\VSII\Learn_VSII\winfromapp\AppStory\AppStory\GUI\frmProjects.Designer.vb(299,33): error BC30002: Type 'Windows.Forms.Label' is not defined. [D:\VSII\Learn_VSII\winfromapp\AppStory\AppStory\AppStory.vbproj]
D:\VSII\Learn_VSII\winfromapp\AppStory\AppStory\GUI\frmProjects.Designer.vb(300,36): error BC30002: Type 'Windows.Forms.ComboBox' is not defined. [D:\VSII\Learn_VSII\winfromapp\AppStory\AppStory\AppStory.vbproj]
D:\VSII\Learn_VSII\winfromapp\AppStory\AppStory\GUI\frmProjects.Designer.vb(301,37): error BC30002: Type 'Windows.Forms.DateTimePicker' is not defined. [D:\VSII\Learn_VSII\winfromapp\AppStory\AppStory\AppStory.vbproj]
D:\VSII\Learn_VSII\winfromapp\AppStory\AppStory\GUI\frmProjects.Designer.vb(302,33): error BC30002: Type 'Windows.Forms.Label' is not defined. [D:\VSII\Learn_VSII\winfromapp\AppStory\AppStory\AppStory.vbproj]
D:\VSII\Learn_VSII\winfromapp\AppStory\AppStory\GUI\frmProjects.Designer.vb(303,33): error BC30002: Type 'Windows.Forms.Label' is not defined. [D:\VSII\Learn_VSII\winfromapp\AppStory\AppStory\AppStory.vbproj]
D:\VSII\Learn_VSII\winfromapp\AppStory\AppStory\GUI\frmProjects.Designer.vb(304,39): error BC30002: Type 'Windows.Forms.DateTimePicker' is not defined. [D:\VSII\Learn_VSII\winfromapp\AppStory\AppStory\AppStory.vbproj]
D:\VSII\Learn_VSII\winfromapp\AppStory\AppStory\GUI\frmProjects.Designer.vb(305,41): error BC30002: Type 'Windows.Forms.TextBox' is not defined. [D:\VSII\Learn_VSII\winfromapp\AppStory\AppStory\AppStory.vbproj]
D:\VSII\Learn_VSII\winfromapp\AppStory\AppStory\GUI\frmProjects.Designer.vb(306,33): error BC30002: Type 'Windows.Forms.Label' is not defined. [D:\VSII\Learn_VSII\winfromapp\AppStory\AppStory\AppStory.vbproj]
D:\VSII\Learn_VSII\winfromapp\AppStory\AppStory\GUI\frmProjects.Designer.vb(307,41): error BC30002: Type 'Windows.Forms.TextBox' is not defined. [D:\VSII\Learn_VSII\winfromapp\AppStory\AppStory\AppStory.vbproj]
D:\VSII\Learn_VSII\winfromapp\AppStory\AppStory\GUI\frmProjects.Designer.vb(308,31): error BC30002: Type 'Windows.Forms.Label' is not defined. [D:\VSII\Learn_VSII\winfromapp\AppStory\AppStory\AppStory.vbproj]
D:\VSII\Learn_VSII\winfromapp\AppStory\AppStory\GUI\frmProjects.Designer.vb(309,34): error BC30002: Type 'Windows.Forms.Button' is not defined. [D:\VSII\Learn_VSII\winfromapp\AppStory\AppStory\AppStory.vbproj]
D:\VSII\Learn_VSII\winfromapp\AppStory\AppStory\GUI\frmProjects.Designer.vb(310,36): error BC30002: Type 'Windows.Forms.Label' is not defined. [D:\VSII\Learn_VSII\winfromapp\AppStory\AppStory\AppStory.vbproj]
D:\VSII\Learn_VSII\winfromapp\AppStory\AppStory\GUI\frmProjects.Designer.vb(311,36): error BC30002: Type 'Windows.Forms.TextBox' is not defined. [D:\VSII\Learn_VSII\winfromapp\AppStory\AppStory\AppStory.vbproj]
D:\VSII\Learn_VSII\winfromapp\AppStory\AppStory\GUI\frmProjects.vb(89,91): error BC30590: Event 'TextChanged' cannot be found. [D:\VSII\Learn_VSII\winfromapp\AppStory\AppStory\AppStory.vbproj]
D:\VSII\Learn_VSII\winfromapp\AppStory\AppStory\GUI\frmProjects.vb(93,100): error BC30590: Event 'SelectionChanged' cannot be found. [D:\VSII\Learn_VSII\winfromapp\AppStory\AppStory\AppStory.vbproj]
D:\VSII\Learn_VSII\winfromapp\AppStory\AppStory\GUI\frmProjects.vb(118,79): error BC30590: Event 'Click' cannot be found. [D:\VSII\Learn_VSII\winfromapp\AppStory\AppStory\AppStory.vbproj]
D:\VSII\Learn_VSII\winfromapp\AppStory\AppStory\GUI\frmProjects.vb(139,85): error BC30590: Event 'Click' cannot be found. [D:\VSII\Learn_VSII\winfromapp\AppStory\AppStory\AppStory.vbproj]
D:\VSII\Learn_VSII\winfromapp\AppStory\AppStory\GUI\frmProjects.vb(166,85): error BC30590: Event 'Click' cannot be found. [D:\VSII\Learn_VSII\winfromapp\AppStory\AppStory\AppStory.vbproj]
D:\VSII\Learn_VSII\winfromapp\AppStory\AppStory\GUI\frmProjects.vb(181,83): error BC30590: Event 'Click' cannot be found. [D:\VSII\Learn_VSII\winfromapp\AppStory\AppStory\AppStory.vbproj]
D:\VSII\Learn_VSII\winfromapp\AppStory\AppStory\GUI\frmProjects.vb(185,81): error BC30590: Event 'Click' cannot be found. [D:\VSII\Learn_VSII\winfromapp\AppStory\AppStory\AppStory.vbproj]
D:\VSII\Learn_VSII\winfromapp\AppStory\AppStory\GUI\frmTeams.Designer.vb(226,35): error BC30002: Type 'Windows.Forms.DataGridView' is not defined. [D:\VSII\Learn_VSII\winfromapp\AppStory\AppStory\AppStory.vbproj]
D:\VSII\Learn_VSII\winfromapp\AppStory\AppStory\GUI\frmTeams.Designer.vb(227,36): error BC30002: Type 'Windows.Forms.GroupBox' is not defined. [D:\VSII\Learn_VSII\winfromapp\AppStory\AppStory\AppStory.vbproj]
D:\VSII\Learn_VSII\winfromapp\AppStory\AppStory\GUI\frmTeams.Designer.vb(228,33): error BC30002: Type 'Windows.Forms.Label' is not defined. [D:\VSII\Learn_VSII\winfromapp\AppStory\AppStory\AppStory.vbproj]
D:\VSII\Learn_VSII\winfromapp\AppStory\AppStory\GUI\frmTeams.Designer.vb(229,33): error BC30002: Type 'Windows.Forms.Label' is not defined. [D:\VSII\Learn_VSII\winfromapp\AppStory\AppStory\AppStory.vbproj]
D:\VSII\Learn_VSII\winfromapp\AppStory\AppStory\GUI\frmTeams.Designer.vb(230,33): error BC30002: Type 'Windows.Forms.Label' is not defined. [D:\VSII\Learn_VSII\winfromapp\AppStory\AppStory\AppStory.vbproj]
D:\VSII\Learn_VSII\winfromapp\AppStory\AppStory\GUI\frmTeams.Designer.vb(231,35): error BC30002: Type 'Windows.Forms.Button' is not defined. [D:\VSII\Learn_VSII\winfromapp\AppStory\AppStory\AppStory.vbproj]
D:\VSII\Learn_VSII\winfromapp\AppStory\AppStory\GUI\frmTeams.Designer.vb(232,36): error BC30002: Type 'Windows.Forms.Button' is not defined. [D:\VSII\Learn_VSII\winfromapp\AppStory\AppStory\AppStory.vbproj]
D:\VSII\Learn_VSII\winfromapp\AppStory\AppStory\GUI\frmTeams.Designer.vb(233,36): error BC30002: Type 'Windows.Forms.Button' is not defined. [D:\VSII\Learn_VSII\winfromapp\AppStory\AppStory\AppStory.vbproj]
D:\VSII\Learn_VSII\winfromapp\AppStory\AppStory\GUI\frmTeams.Designer.vb(234,33): error BC30002: Type 'Windows.Forms.Button' is not defined. [D:\VSII\Learn_VSII\winfromapp\AppStory\AppStory\AppStory.vbproj]
D:\VSII\Learn_VSII\winfromapp\AppStory\AppStory\GUI\frmTeams.Designer.vb(235,37): error BC30002: Type 'Windows.Forms.CheckedListBox' is not defined. [D:\VSII\Learn_VSII\winfromapp\AppStory\AppStory\AppStory.vbproj]
D:\VSII\Learn_VSII\winfromapp\AppStory\AppStory\GUI\frmTeams.Designer.vb(236,37): error BC30002: Type 'Windows.Forms.CheckedListBox' is not defined. [D:\VSII\Learn_VSII\winfromapp\AppStory\AppStory\AppStory.vbproj]
D:\VSII\Learn_VSII\winfromapp\AppStory\AppStory\GUI\frmTeams.Designer.vb(237,37): error BC30002: Type 'Windows.Forms.Label' is not defined. [D:\VSII\Learn_VSII\winfromapp\AppStory\AppStory\AppStory.vbproj]
D:\VSII\Learn_VSII\winfromapp\AppStory\AppStory\GUI\frmTeams.Designer.vb(238,41): error BC30002: Type 'Windows.Forms.TextBox' is not defined. [D:\VSII\Learn_VSII\winfromapp\AppStory\AppStory\AppStory.vbproj]
D:\VSII\Learn_VSII\winfromapp\AppStory\AppStory\GUI\frmTeams.Designer.vb(239,38): error BC30002: Type 'Windows.Forms.TextBox' is not defined. [D:\VSII\Learn_VSII\winfromapp\AppStory\AppStory\AppStory.vbproj]
D:\VSII\Learn_VSII\winfromapp\AppStory\AppStory\GUI\frmTeams.Designer.vb(240,34): error BC30002: Type 'Windows.Forms.Button' is not defined. [D:\VSII\Learn_VSII\winfromapp\AppStory\AppStory\AppStory.vbproj]
D:\VSII\Learn_VSII\winfromapp\AppStory\AppStory\GUI\frmTeams.Designer.vb(241,36): error BC30002: Type 'Windows.Forms.Label' is not defined. [D:\VSII\Learn_VSII\winfromapp\AppStory\AppStory\AppStory.vbproj]
D:\VSII\Learn_VSII\winfromapp\AppStory\AppStory\GUI\frmTeams.Designer.vb(242,36): error BC30002: Type 'Windows.Forms.TextBox' is not defined. [D:\VSII\Learn_VSII\winfromapp\AppStory\AppStory\AppStory.vbproj]
D:\VSII\Learn_VSII\winfromapp\AppStory\AppStory\GUI\frmTeams.vb(86,91): error BC30590: Event 'TextChanged' cannot be found. [D:\VSII\Learn_VSII\winfromapp\AppStory\AppStory\AppStory.vbproj]
D:\VSII\Learn_VSII\winfromapp\AppStory\AppStory\GUI\frmTeams.vb(90,94): error BC30590: Event 'SelectionChanged' cannot be found. [D:\VSII\Learn_VSII\winfromapp\AppStory\AppStory\AppStory.vbproj]
D:\VSII\Learn_VSII\winfromapp\AppStory\AppStory\GUI\frmTeams.vb(143,79): error BC30590: Event 'Click' cannot be found. [D:\VSII\Learn_VSII\winfromapp\AppStory\AppStory\AppStory.vbproj]
D:\VSII\Learn_VSII\winfromapp\AppStory\AppStory\GUI\frmTeams.vb(161,85): error BC30590: Event 'Click' cannot be found. [D:\VSII\Learn_VSII\winfromapp\AppStory\AppStory\AppStory.vbproj]
D:\VSII\Learn_VSII\winfromapp\AppStory\AppStory\GUI\frmTeams.vb(185,85): error BC30590: Event 'Click' cannot be found. [D:\VSII\Learn_VSII\winfromapp\AppStory\AppStory\AppStory.vbproj]
D:\VSII\Learn_VSII\winfromapp\AppStory\AppStory\GUI\frmTeams.vb(200,83): error BC30590: Event 'Click' cannot be found. [D:\VSII\Learn_VSII\winfromapp\AppStory\AppStory\AppStory.vbproj]
D:\VSII\Learn_VSII\winfromapp\AppStory\AppStory\GUI\frmTeams.vb(204,81): error BC30590: Event 'Click' cannot be found. [D:\VSII\Learn_VSII\winfromapp\AppStory\AppStory\AppStory.vbproj]

Build FAILED.

D:\VSII\Learn_VSII\winfromapp\AppStory\AppStory\GUI\frmMyTeams.Designer.vb(86,37): error BC30002: Type 'Windows.Forms.DataGridView' is not defined. [D:\VSII\Learn_VSII\winfromapp\AppStory\AppStory\AppStory.vbproj]
D:\VSII\Learn_VSII\winfromapp\AppStory\AppStory\GUI\frmMyTeams.Designer.vb(87,34): error BC30002: Type 'Windows.Forms.Button' is not defined. [D:\VSII\Learn_VSII\winfromapp\AppStory\AppStory\AppStory.vbproj]
D:\VSII\Learn_VSII\winfromapp\AppStory\AppStory\GUI\frmMyTeams.Designer.vb(88,38): error BC30002: Type 'Windows.Forms.Label' is not defined. [D:\VSII\Learn_VSII\winfromapp\AppStory\AppStory\AppStory.vbproj]
D:\VSII\Learn_VSII\winfromapp\AppStory\AppStory\GUI\frmMyTeams.vb(47,81): error BC30590: Event 'Click' cannot be found. [D:\VSII\Learn_VSII\winfromapp\AppStory\AppStory\AppStory.vbproj]
D:\VSII\Learn_VSII\winfromapp\AppStory\AppStory\GUI\frmProjects.Designer.vb(289,38): error BC30002: Type 'Windows.Forms.DataGridView' is not defined. [D:\VSII\Learn_VSII\winfromapp\AppStory\AppStory\AppStory.vbproj]
D:\VSII\Learn_VSII\winfromapp\AppStory\AppStory\GUI\frmProjects.Designer.vb(290,36): error BC30002: Type 'Windows.Forms.GroupBox' is not defined. [D:\VSII\Learn_VSII\winfromapp\AppStory\AppStory\AppStory.vbproj]
D:\VSII\Learn_VSII\winfromapp\AppStory\AppStory\GUI\frmProjects.Designer.vb(291,35): error BC30002: Type 'Windows.Forms.Button' is not defined. [D:\VSII\Learn_VSII\winfromapp\AppStory\AppStory\AppStory.vbproj]
D:\VSII\Learn_VSII\winfromapp\AppStory\AppStory\GUI\frmProjects.Designer.vb(292,36): error BC30002: Type 'Windows.Forms.Button' is not defined. [D:\VSII\Learn_VSII\winfromapp\AppStory\AppStory\AppStory.vbproj]
D:\VSII\Learn_VSII\winfromapp\AppStory\AppStory\GUI\frmProjects.Designer.vb(293,36): error BC30002: Type 'Windows.Forms.Button' is not defined. [D:\VSII\Learn_VSII\winfromapp\AppStory\AppStory\AppStory.vbproj]
D:\VSII\Learn_VSII\winfromapp\AppStory\AppStory\GUI\frmProjects.Designer.vb(294,33): error BC30002: Type 'Windows.Forms.Button' is not defined. [D:\VSII\Learn_VSII\winfromapp\AppStory\AppStory\AppStory.vbproj]
D:\VSII\Learn_VSII\winfromapp\AppStory\AppStory\GUI\frmProjects.Designer.vb(295,33): error BC30002: Type 'Windows.Forms.Label' is not defined. [D:\VSII\Learn_VSII\winfromapp\AppStory\AppStory\AppStory.vbproj]
D:\VSII\Learn_VSII\winfromapp\AppStory\AppStory\GUI\frmProjects.Designer.vb(296,34): error BC30002: Type 'Windows.Forms.ComboBox' is not defined. [D:\VSII\Learn_VSII\winfromapp\AppStory\AppStory\AppStory.vbproj]
D:\VSII\Learn_VSII\winfromapp\AppStory\AppStory\GUI\frmProjects.Designer.vb(297,33): error BC30002: Type 'Windows.Forms.Label' is not defined. [D:\VSII\Learn_VSII\winfromapp\AppStory\AppStory\AppStory.vbproj]
D:\VSII\Learn_VSII\winfromapp\AppStory\AppStory\GUI\frmProjects.Designer.vb(298,37): error BC30002: Type 'Windows.Forms.ComboBox' is not defined. [D:\VSII\Learn_VSII\winfromapp\AppStory\AppStory\AppStory.vbproj]
D:\VSII\Learn_VSII\winfromapp\AppStory\AppStory\GUI\frmProjects.Designer.vb(299,33): error BC30002: Type 'Windows.Forms.Label' is not defined. [D:\VSII\Learn_VSII\winfromapp\AppStory\AppStory\AppStory.vbproj]
D:\VSII\Learn_VSII\winfromapp\AppStory\AppStory\GUI\frmProjects.Designer.vb(300,36): error BC30002: Type 'Windows.Forms.ComboBox' is not defined. [D:\VSII\Learn_VSII\winfromapp\AppStory\AppStory\AppStory.vbproj]
D:\VSII\Learn_VSII\winfromapp\AppStory\AppStory\GUI\frmProjects.Designer.vb(301,37): error BC30002: Type 'Windows.Forms.DateTimePicker' is not defined. [D:\VSII\Learn_VSII\winfromapp\AppStory\AppStory\AppStory.vbproj]
D:\VSII\Learn_VSII\winfromapp\AppStory\AppStory\GUI\frmProjects.Designer.vb(302,33): error BC30002: Type 'Windows.Forms.Label' is not defined. [D:\VSII\Learn_VSII\winfromapp\AppStory\AppStory\AppStory.vbproj]
D:\VSII\Learn_VSII\winfromapp\AppStory\AppStory\GUI\frmProjects.Designer.vb(303,33): error BC30002: Type 'Windows.Forms.Label' is not defined. [D:\VSII\Learn_VSII\winfromapp\AppStory\AppStory\AppStory.vbproj]
D:\VSII\Learn_VSII\winfromapp\AppStory\AppStory\GUI\frmProjects.Designer.vb(304,39): error BC30002: Type 'Windows.Forms.DateTimePicker' is not defined. [D:\VSII\Learn_VSII\winfromapp\AppStory\AppStory\AppStory.vbproj]
D:\VSII\Learn_VSII\winfromapp\AppStory\AppStory\GUI\frmProjects.Designer.vb(305,41): error BC30002: Type 'Windows.Forms.TextBox' is not defined. [D:\VSII\Learn_VSII\winfromapp\AppStory\AppStory\AppStory.vbproj]
D:\VSII\Learn_VSII\winfromapp\AppStory\AppStory\GUI\frmProjects.Designer.vb(306,33): error BC30002: Type 'Windows.Forms.Label' is not defined. [D:\VSII\Learn_VSII\winfromapp\AppStory\AppStory\AppStory.vbproj]
D:\VSII\Learn_VSII\winfromapp\AppStory\AppStory\GUI\frmProjects.Designer.vb(307,41): error BC30002: Type 'Windows.Forms.TextBox' is not defined. [D:\VSII\Learn_VSII\winfromapp\AppStory\AppStory\AppStory.vbproj]
D:\VSII\Learn_VSII\winfromapp\AppStory\AppStory\GUI\frmProjects.Designer.vb(308,31): error BC30002: Type 'Windows.Forms.Label' is not defined. [D:\VSII\Learn_VSII\winfromapp\AppStory\AppStory\AppStory.vbproj]
D:\VSII\Learn_VSII\winfromapp\AppStory\AppStory\GUI\frmProjects.Designer.vb(309,34): error BC30002: Type 'Windows.Forms.Button' is not defined. [D:\VSII\Learn_VSII\winfromapp\AppStory\AppStory\AppStory.vbproj]
D:\VSII\Learn_VSII\winfromapp\AppStory\AppStory\GUI\frmProjects.Designer.vb(310,36): error BC30002: Type 'Windows.Forms.Label' is not defined. [D:\VSII\Learn_VSII\winfromapp\AppStory\AppStory\AppStory.vbproj]
D:\VSII\Learn_VSII\winfromapp\AppStory\AppStory\GUI\frmProjects.Designer.vb(311,36): error BC30002: Type 'Windows.Forms.TextBox' is not defined. [D:\VSII\Learn_VSII\winfromapp\AppStory\AppStory\AppStory.vbproj]
D:\VSII\Learn_VSII\winfromapp\AppStory\AppStory\GUI\frmProjects.vb(89,91): error BC30590: Event 'TextChanged' cannot be found. [D:\VSII\Learn_VSII\winfromapp\AppStory\AppStory\AppStory.vbproj]
D:\VSII\Learn_VSII\winfromapp\AppStory\AppStory\GUI\frmProjects.vb(93,100): error BC30590: Event 'SelectionChanged' cannot be found. [D:\VSII\Learn_VSII\winfromapp\AppStory\AppStory\AppStory.vbproj]
D:\VSII\Learn_VSII\winfromapp\AppStory\AppStory\GUI\frmProjects.vb(118,79): error BC30590: Event 'Click' cannot be found. [D:\VSII\Learn_VSII\winfromapp\AppStory\AppStory\AppStory.vbproj]
D:\VSII\Learn_VSII\winfromapp\AppStory\AppStory\GUI\frmProjects.vb(139,85): error BC30590: Event 'Click' cannot be found. [D:\VSII\Learn_VSII\winfromapp\AppStory\AppStory\AppStory.vbproj]
D:\VSII\Learn_VSII\winfromapp\AppStory\AppStory\GUI\frmProjects.vb(166,85): error BC30590: Event 'Click' cannot be found. [D:\VSII\Learn_VSII\winfromapp\AppStory\AppStory\AppStory.vbproj]
D:\VSII\Learn_VSII\winfromapp\AppStory\AppStory\GUI\frmProjects.vb(181,83): error BC30590: Event 'Click' cannot be found. [D:\VSII\Learn_VSII\winfromapp\AppStory\AppStory\AppStory.vbproj]
D:\VSII\Learn_VSII\winfromapp\AppStory\AppStory\GUI\frmProjects.vb(185,81): error BC30590: Event 'Click' cannot be found. [D:\VSII\Learn_VSII\winfromapp\AppStory\AppStory\AppStory.vbproj]
D:\VSII\Learn_VSII\winfromapp\AppStory\AppStory\GUI\frmTeams.Designer.vb(226,35): error BC30002: Type 'Windows.Forms.DataGridView' is not defined. [D:\VSII\Learn_VSII\winfromapp\AppStory\AppStory\AppStory.vbproj]
D:\VSII\Learn_VSII\winfromapp\AppStory\AppStory\GUI\frmTeams.Designer.vb(227,36): error BC30002: Type 'Windows.Forms.GroupBox' is not defined. [D:\VSII\Learn_VSII\winfromapp\AppStory\AppStory\AppStory.vbproj]
D:\VSII\Learn_VSII\winfromapp\AppStory\AppStory\GUI\frmTeams.Designer.vb(228,33): error BC30002: Type 'Windows.Forms.Label' is not defined. [D:\VSII\Learn_VSII\winfromapp\AppStory\AppStory\AppStory.vbproj]
D:\VSII\Learn_VSII\winfromapp\AppStory\AppStory\GUI\frmTeams.Designer.vb(229,33): error BC30002: Type 'Windows.Forms.Label' is not defined. [D:\VSII\Learn_VSII\winfromapp\AppStory\AppStory\AppStory.vbproj]
D:\VSII\Learn_VSII\winfromapp\AppStory\AppStory\GUI\frmTeams.Designer.vb(230,33): error BC30002: Type 'Windows.Forms.Label' is not defined. [D:\VSII\Learn_VSII\winfromapp\AppStory\AppStory\AppStory.vbproj]
D:\VSII\Learn_VSII\winfromapp\AppStory\AppStory\GUI\frmTeams.Designer.vb(231,35): error BC30002: Type 'Windows.Forms.Button' is not defined. [D:\VSII\Learn_VSII\winfromapp\AppStory\AppStory\AppStory.vbproj]
D:\VSII\Learn_VSII\winfromapp\AppStory\AppStory\GUI\frmTeams.Designer.vb(232,36): error BC30002: Type 'Windows.Forms.Button' is not defined. [D:\VSII\Learn_VSII\winfromapp\AppStory\AppStory\AppStory.vbproj]
D:\VSII\Learn_VSII\winfromapp\AppStory\AppStory\GUI\frmTeams.Designer.vb(233,36): error BC30002: Type 'Windows.Forms.Button' is not defined. [D:\VSII\Learn_VSII\winfromapp\AppStory\AppStory\AppStory.vbproj]
D:\VSII\Learn_VSII\winfromapp\AppStory\AppStory\GUI\frmTeams.Designer.vb(234,33): error BC30002: Type 'Windows.Forms.Button' is not defined. [D:\VSII\Learn_VSII\winfromapp\AppStory\AppStory\AppStory.vbproj]
D:\VSII\Learn_VSII\winfromapp\AppStory\AppStory\GUI\frmTeams.Designer.vb(235,37): error BC30002: Type 'Windows.Forms.CheckedListBox' is not defined. [D:\VSII\Learn_VSII\winfromapp\AppStory\AppStory\AppStory.vbproj]
D:\VSII\Learn_VSII\winfromapp\AppStory\AppStory\GUI\frmTeams.Designer.vb(236,37): error BC30002: Type 'Windows.Forms.CheckedListBox' is not defined. [D:\VSII\Learn_VSII\winfromapp\AppStory\AppStory\AppStory.vbproj]
D:\VSII\Learn_VSII\winfromapp\AppStory\AppStory\GUI\frmTeams.Designer.vb(237,37): error BC30002: Type 'Windows.Forms.Label' is not defined. [D:\VSII\Learn_VSII\winfromapp\AppStory\AppStory\AppStory.vbproj]
D:\VSII\Learn_VSII\winfromapp\AppStory\AppStory\GUI\frmTeams.Designer.vb(238,41): error BC30002: Type 'Windows.Forms.TextBox' is not defined. [D:\VSII\Learn_VSII\winfromapp\AppStory\AppStory\AppStory.vbproj]
D:\VSII\Learn_VSII\winfromapp\AppStory\AppStory\GUI\frmTeams.Designer.vb(239,38): error BC30002: Type 'Windows.Forms.TextBox' is not defined. [D:\VSII\Learn_VSII\winfromapp\AppStory\AppStory\AppStory.vbproj]
D:\VSII\Learn_VSII\winfromapp\AppStory\AppStory\GUI\frmTeams.Designer.vb(240,34): error BC30002: Type 'Windows.Forms.Button' is not defined. [D:\VSII\Learn_VSII\winfromapp\AppStory\AppStory\AppStory.vbproj]
D:\VSII\Learn_VSII\winfromapp\AppStory\AppStory\GUI\frmTeams.Designer.vb(241,36): error BC30002: Type 'Windows.Forms.Label' is not defined. [D:\VSII\Learn_VSII\winfromapp\AppStory\AppStory\AppStory.vbproj]
D:\VSII\Learn_VSII\winfromapp\AppStory\AppStory\GUI\frmTeams.Designer.vb(242,36): error BC30002: Type 'Windows.Forms.TextBox' is not defined. [D:\VSII\Learn_VSII\winfromapp\AppStory\AppStory\AppStory.vbproj]
D:\VSII\Learn_VSII\winfromapp\AppStory\AppStory\GUI\frmTeams.vb(86,91): error BC30590: Event 'TextChanged' cannot be found. [D:\VSII\Learn_VSII\winfromapp\AppStory\AppStory\AppStory.vbproj]
D:\VSII\Learn_VSII\winfromapp\AppStory\AppStory\GUI\frmTeams.vb(90,94): error BC30590: Event 'SelectionChanged' cannot be found. [D:\VSII\Learn_VSII\winfromapp\AppStory\AppStory\AppStory.vbproj]
D:\VSII\Learn_VSII\winfromapp\AppStory\AppStory\GUI\frmTeams.vb(143,79): error BC30590: Event 'Click' cannot be found. [D:\VSII\Learn_VSII\winfromapp\AppStory\AppStory\AppStory.vbproj]
D:\VSII\Learn_VSII\winfromapp\AppStory\AppStory\GUI\frmTeams.vb(161,85): error BC30590: Event 'Click' cannot be found. [D:\VSII\Learn_VSII\winfromapp\AppStory\AppStory\AppStory.vbproj]
D:\VSII\Learn_VSII\winfromapp\AppStory\AppStory\GUI\frmTeams.vb(185,85): error BC30590: Event 'Click' cannot be found. [D:\VSII\Learn_VSII\winfromapp\AppStory\AppStory\AppStory.vbproj]
D:\VSII\Learn_VSII\winfromapp\AppStory\AppStory\GUI\frmTeams.vb(200,83): error BC30590: Event 'Click' cannot be found. [D:\VSII\Learn_VSII\winfromapp\AppStory\AppStory\AppStory.vbproj]
D:\VSII\Learn_VSII\winfromapp\AppStory\AppStory\GUI\frmTeams.vb(204,81): error BC30590: Event 'Click' cannot be found. [D:\VSII\Learn_VSII\winfromapp\AppStory\AppStory\AppStory.vbproj]
    0 Warning(s)
    58 Error(s)

Time Elapsed 00:00:00.87
